[ERROR] COMPILATION ERROR : 
[ERROR] /C:/Users/azelf/Documents/Project_Software/siatabug/client/src/main/java/com/siata/client/util/StatusUiUtils.java:[92,13] unreachable statement
[ERROR] Failed to execute goal org.apache.maven.plugins:maven-compiler-plugin:3.13.0:compile (default-compile) on project client: Compilation failure
[ERROR] /C:/Users/azelf/Documents/Project_Software/siatabug/client/src/main/java/com/siata/client/util/StatusUiUtils.java:[92,13] unreachable statement
[ERROR] 
[ERROR] -> [Help 1]
[ERROR] 
[ERROR] To see the full stack trace of the errors, re-run Maven with the -e switch.
[ERROR] Re-run Maven using the -X switch to enable full debug logging.
[ERROR] 
[ERROR] For more information about the errors and possible solutions, please read the following articles:
[ERROR] [Help 1] http://cwiki.apache.org/confluence/display/MAVEN/MojoFailureException
